


ARM Macro Assembler    Page 1 


    1 00000000                 AREA             Prog3, CODE, READONLY
    2 00000000                 ENTRY
    3 00000000         
    4 00000000 E3A00095        LDR              r0, =0x95   ;149
    5 00000004 E59F100C        LDR              r1, =0x10E1 ; 4321
    6 00000008         
    7 00000008         ;two's complement
    8 00000008 E2600000        NEG              r0, r0
    9 0000000C E2611000        NEG              r1, r1
   10 00000010 E0807001        ADD              r7, r0, r1
   11 00000014 EAFFFFFE 
                       stop    B                stop        ; 411440430 bo-chai
                                                            n
   12 00000018                 END
              000010E1 
Command Line: --debug --xref --diag_suppress=9931 --apcs=interwork --depend=.\o
bjects\main.d -o.\objects\main.o -IC:\Keil_v5\ARM\RV31\INC -IC:\Keil_v5\ARM\CMS
IS\Include -IC:\Keil_v5\ARM\INC\Philips --predefine="__EVAL SETA 1" --predefine
="__UVISION_VERSION SETA 528" --list=.\listings\main.lst main.s



ARM Macro Assembler    Page 1 Alphabetic symbol ordering
Relocatable symbols

Prog3 00000000

Symbol: Prog3
   Definitions
      At line 1 in file main.s
   Uses
      None
Comment: Prog3 unused
stop 00000014

Symbol: stop
   Definitions
      At line 11 in file main.s
   Uses
      At line 11 in file main.s
Comment: stop used once
2 symbols
336 symbols in table
