


ARM Macro Assembler    Page 1 


    1 00000000                 AREA             Prog3, CODE, READONLY
    2 00000000                 ENTRY
    3 00000000         
    4 00000000 E59F0008        LDR              r0, =0xFF6B ;-149
    5 00000004 E59F1008        LDR              r1, =0xEF1F ; -4321
    6 00000008 E0807001        ADD              r7, r0, r1
    7 0000000C EAFFFFFE 
                       stop    B                stop        ; stop program
    8 00000010                 END
              0000FF6B 
              0000EF1F 
Command Line: --debug --xref --diag_suppress=9931 --apcs=interwork --depend=.\o
bjects\main.d -o.\objects\main.o -IC:\Keil_v5\ARM\RV31\INC -IC:\Keil_v5\ARM\CMS
IS\Include -IC:\Keil_v5\ARM\INC\Philips --predefine="__EVAL SETA 1" --predefine
="__UVISION_VERSION SETA 528" --list=.\listings\main.lst main.s



ARM Macro Assembler    Page 1 Alphabetic symbol ordering
Relocatable symbols

Prog3 00000000

Symbol: Prog3
   Definitions
      At line 1 in file main.s
   Uses
      None
Comment: Prog3 unused
stop 0000000C

Symbol: stop
   Definitions
      At line 7 in file main.s
   Uses
      At line 7 in file main.s
Comment: stop used once
2 symbols
336 symbols in table
